module.c
builtins/adddf3.c
builtins/addsf3.c
builtins/comparedf2.c
builtins/comparesf2.c
builtins/divdf3.c
builtins/divsf3.c
builtins/extendsfdf2.c
builtins/fixdfdi.c
builtins/fixdfsi.c
builtins/fixsfdi.c
builtins/fixsfsi.c
builtins/fixunsdfdi.c
builtins/fixunsdfsi.c
builtins/fixunssfdi.c
builtins/fixunssfsi.c
builtins/floatdidf.c
builtins/floatdisf.c
builtins/floatsidf.c
builtins/floatsisf.c
builtins/floatundidf.c
builtins/floatundisf.c
builtins/floatunsidf.c
builtins/floatunsisf.c
builtins/fp_mode.c
builtins/muldf3.c
builtins/mulsf3.c
builtins/negdf2.c
builtins/negsf2.c
builtins/subdf3.c
builtins/subsf3.c
builtins/truncdfsf2.c
